// Jest Snapshot v1, https://goo.gl/fbAQLP

exports[`structs/root_rollup serializes a RootRollupInput and prints it 1`] = `
"previous_rollup_data: [ base_or_merge_rollup_public_inputs: rollup_type:
0
rollup_subtree_height:
0x0
end_aggregation_object:
P0: { 0x100, 0x101 }
P1: { 0x200, 0x201 }
public_inputs: [
 0x102
 0x103
 0x104
 0x105
]
proof_witness_indices: [ 106 107 108 109 10a 10b ]
has_data: 0

constants:
start_tree_of_historic_private_data_tree_roots_snapshot:
 root: 0x200
next_available_leaf_index: 200

start_tree_of_historic_contract_tree_roots_snapshot:
root: 0x300
next_available_leaf_index: 300

tree_of_historic_l1_to_l2_msg_tree_roots_snapshot:
root: 0x400
next_available_leaf_index: 400

start_historic_blocks_tree_roots_snapshot:
root: 0x500
next_available_leaf_index: 500

private_kernel_vk_tree_root: 0x601
public_kernel_vk_tree_root: 0x602
base_rollup_vk_hash: 0x603
merge_rollup_vk_hash: 0x604
global_variables: chain_id: 0x605
version: 0x606
block_number: 0x607
timestamp: 0x608


start_private_data_tree_snapshot:
root: 0x300
next_available_leaf_index: 300

end_private_data_tree_snapshot:
root: 0x300
next_available_leaf_index: 300

start_nullifier_tree_snapshot:
root: 0x500
next_available_leaf_index: 500

end_nullifier_tree_snapshot:
root: 0x600
next_available_leaf_index: 600

start_contract_tree_snapshot:
root: 0x700
next_available_leaf_index: 700

end_contract_tree_snapshot:
root: 0x800
next_available_leaf_index: 800

start_public_data_tree_root:
0x900
end_public_data_tree_root:
0x1000
calldata_hash: [ 0x901 0x902 ]

proof: [ 50 50 50 50 50 50 50 50 50 50 50 50 50 50 50 50 ]
vk: key.circuit_type: 0
key.circuit_size: 65
key.num_public_inputs: 66
key.commitments: [
 A: { 0x200, 0x300 }
]
key.contains_recursive_proof: 1
key.recursive_proof_public_input_indices: [ 190 191 192 193 194 ]

vk_index: 110
vk_sibling_path: leaf_index: 0x120
sibling_path: [ 0x120 0x121 0x122 0x123 0x124 0x125 0x126 0x127 ]

 base_or_merge_rollup_public_inputs: rollup_type:
0
rollup_subtree_height:
0x0
end_aggregation_object:
P0: { 0x1100, 0x1101 }
P1: { 0x1200, 0x1201 }
public_inputs: [
 0x1102
 0x1103
 0x1104
 0x1105
]
proof_witness_indices: [ 1106 1107 1108 1109 110a 110b ]
has_data: 0

constants:
start_tree_of_historic_private_data_tree_roots_snapshot:
 root: 0x1200
next_available_leaf_index: 1200

start_tree_of_historic_contract_tree_roots_snapshot:
root: 0x1300
next_available_leaf_index: 1300

tree_of_historic_l1_to_l2_msg_tree_roots_snapshot:
root: 0x1400
next_available_leaf_index: 1400

start_historic_blocks_tree_roots_snapshot:
root: 0x1500
next_available_leaf_index: 1500

private_kernel_vk_tree_root: 0x1601
public_kernel_vk_tree_root: 0x1602
base_rollup_vk_hash: 0x1603
merge_rollup_vk_hash: 0x1604
global_variables: chain_id: 0x1605
version: 0x1606
block_number: 0x1607
timestamp: 0x1608


start_private_data_tree_snapshot:
root: 0x1300
next_available_leaf_index: 1300

end_private_data_tree_snapshot:
root: 0x1300
next_available_leaf_index: 1300

start_nullifier_tree_snapshot:
root: 0x1500
next_available_leaf_index: 1500

end_nullifier_tree_snapshot:
root: 0x1600
next_available_leaf_index: 1600

start_contract_tree_snapshot:
root: 0x1700
next_available_leaf_index: 1700

end_contract_tree_snapshot:
root: 0x1800
next_available_leaf_index: 1800

start_public_data_tree_root:
0x1900
end_public_data_tree_root:
0x2000
calldata_hash: [ 0x1901 0x1902 ]

proof: [ 50 50 50 50 50 50 50 50 50 50 50 50 50 50 50 50 ]
vk: key.circuit_type: 0
key.circuit_size: 65
key.num_public_inputs: 66
key.commitments: [
 A: { 0x200, 0x300 }
]
key.contains_recursive_proof: 1
key.recursive_proof_public_input_indices: [ 190 191 192 193 194 ]

vk_index: 1110
vk_sibling_path: leaf_index: 0x1120
sibling_path: [ 0x1120 0x1121 0x1122 0x1123 0x1124 0x1125 0x1126 0x1127 ]

 ]
new_historic_private_data_tree_roots: [ 0x2000 0x2001 0x2002 0x2003 0x2004 0x2005 0x2006 0x2007 0x2008 0x2009 0x200a 0x200b 0x200c 0x200d 0x200e 0x200f ]
new_historic_contract_tree_roots: [ 0x2100 0x2101 0x2102 0x2103 0x2104 0x2105 0x2106 0x2107 0x2108 0x2109 0x210a 0x210b 0x210c 0x210d 0x210e 0x210f ]
new_l1_to_l2_messages: [ 0x2100 0x2101 0x2102 0x2103 0x2104 0x2105 0x2106 0x2107 0x2108 0x2109 0x210a 0x210b 0x210c 0x210d 0x210e 0x210f ]
new_l1_to_l2_message_tree_root_sibling_path: [ 0x2100 0x2101 0x2102 0x2103 0x2104 0x2105 0x2106 0x2107 0x2108 0x2109 0x210a 0x210b ]
new_historic_l1_to_l2_message_roots_tree_sibling_path: [ 0x2100 0x2101 0x2102 0x2103 0x2104 0x2105 0x2106 0x2107 0x2108 0x2109 0x210a 0x210b 0x210c 0x210d 0x210e 0x210f ]
start_l1_to_l2_message_tree_snapshot: root: 0x2200
next_available_leaf_index: 8704

start_historic_tree_l1_to_l2_message_tree_roots_snapshot: root: 0x2300
next_available_leaf_index: 8960

start_historic_blocks_tree_snapshot: root: 0x114a90e165ae4b9d878da63d75598f8b5f3123c8311b02a5087856f3500002fc
next_available_leaf_index: 235

new_historic_blocks_tree_sibling_path: [ 0x1800000000001c00000080421000030000005d42100003000000008f971a0000 0x1d000000ba41100003000000974110000300000000f1012e000000001e00 0x9b39100006000000161f10000600000001fd006500000000210000005843 0x1000030000003143100003000000003873af0100000000000000884210000300 0x6142100003000000006334440100000001000000c2411000030000009b41 0x1000030000000017e8fc01000000020000009739100003000000d41f10000300 0xc879dd010000000500000042fb9e40ca3a055ff0000000d20100005043 0x1000030000002d4310000300000000a60a8a000000001c000000804210000300 0x5d4210000300000000e7bbe1000000001d000000ba411000030000009741 0x10000300000000d58fca000000001e0000009b39100006000000161f10000600 0x1f4ae0800000000210000005843100003000000314310000300000000d3 0x7c478c19a07df2f666f2bb18879492e36fcd7d7af60d029ac9634c2b64d00fb 0x1000000c2411000030000009b41100003000000004b024c010000000200 0x9739100003000000d41f100003000000004bac880100000005000000a13e 0x100003000000eb301000030000000079bb050100000006000000694310000700 0x4843100007000000002fba9d0200000014000000ab421000070000007842 ]
"
`;

exports[`structs/root_rollup serializes a RootRollupPublicInputs and prints it 1`] = `
"end_aggregation_object: P0: { 0x0, 0x1 }
P1: { 0x100, 0x101 }
public_inputs: [
 0x2
 0x3
 0x4
 0x5
]
proof_witness_indices: [ 6 7 8 9 10 11 ]
has_data: 0

global_variables: chain_id: 0x100
version: 0x101
block_number: 0x102
timestamp: 0x103

block_hash: 0x200
start_private_data_tree_snapshot: root: 0x300
next_available_leaf_index: 768

end_private_data_tree_snapshot: root: 0x400
next_available_leaf_index: 1024

start_nullifier_tree_snapshot: root: 0x500
next_available_leaf_index: 1280

end_nullifier_tree_snapshot: root: 0x600
next_available_leaf_index: 1536

start_contract_tree_snapshot: root: 0x700
next_available_leaf_index: 1792

end_contract_tree_snapshot: root: 0x800
next_available_leaf_index: 2048

start_public_data_tree_root: 0x900
end_public_data_tree_root: 0xa00
start_tree_of_historic_private_data_tree_roots_snapshot: root: 0xb00
next_available_leaf_index: 2816

end_tree_of_historic_private_data_tree_roots_snapshot: root: 0xc00
next_available_leaf_index: 3072

start_tree_of_historic_contract_tree_roots_snapshot: root: 0xd00
next_available_leaf_index: 3328

end_tree_of_historic_contract_tree_roots_snapshot: root: 0xe00
next_available_leaf_index: 3584

start_l1_to_l2_messages_tree_snapshot: root: 0xf00
next_available_leaf_index: 3840

end_l1_tol2_messages_tree_snapshot: root: 0x1000
next_available_leaf_index: 4096

start_tree_of_historic_l1_to_l2_messages_tree_roots_snapshot: root: 0x1100
next_available_leaf_index: 4352

end_tree_of_historic_l1_tol2_messages_tree_roots_snapshot: root: 0x1200
next_available_leaf_index: 4608

start_historic_blocks_tree_snapshot: root: 0x1300
next_available_leaf_index: 4864

end_historic_blocks_tree_snapshot: root: 0x1400
next_available_leaf_index: 5120

calldata_hash: [ 0x1 0x2 ]
l1_to_l2_messages_hash: [ 0x3 0x4 ]
"
`;
